2025-04-24T07:18:16.371Z [info]: PSX-Connect starting...
2025-04-24T07:18:16.376Z [info]: Node.js version: v20.18.0
2025-04-24T07:18:16.376Z [info]: Operating system: darwin x64
2025-04-24T07:18:16.377Z [info]: Reading VPN configuration from /Users/mac/Downloads/psx/psx-connect/vpn
2025-04-24T07:18:16.377Z [info]: VPN configuration loaded successfully
2025-04-24T07:18:16.377Z [info]: Using VPN server: 172.16.73.18
2025-04-24T07:18:16.377Z [info]: Checking VPN connection...
2025-04-24T07:18:18.616Z [error]: Failed to establish VPN connection. Exiting.
2025-04-24T07:30:20.887Z [info]: PSX-Connect starting...
2025-04-24T07:30:20.890Z [info]: Node.js version: v20.18.0
2025-04-24T07:30:20.890Z [info]: Operating system: darwin x64
2025-04-24T07:30:20.891Z [info]: Reading VPN configuration from /Users/mac/Downloads/psx/psx-connect/vpn
2025-04-24T07:30:20.891Z [info]: VPN configuration loaded successfully
2025-04-24T07:30:20.891Z [info]: Using VPN server: 172.16.73.18
2025-04-24T07:30:20.891Z [info]: Checking VPN connection...
2025-04-24T07:30:23.002Z [error]: Failed to establish VPN connection. Exiting.
2025-04-24T09:50:12.186Z [info]: PSX-Connect starting...
2025-04-24T09:50:12.190Z [info]: Node.js version: v20.18.0
2025-04-24T09:50:12.190Z [info]: Operating system: darwin x64
2025-04-24T09:50:12.190Z [info]: Reading VPN configuration from /Users/mac/Downloads/psx/psx-connect/vpn
2025-04-24T09:50:12.190Z [info]: VPN configuration loaded successfully
2025-04-24T09:50:12.191Z [info]: Using VPN server: 172.16.73.18
2025-04-24T09:50:12.191Z [info]: Checking VPN connection...
2025-04-29T12:10:43.458Z [info]: PSX-Connect starting...
2025-04-29T12:10:43.462Z [info]: Node.js version: v20.18.0
2025-04-29T12:10:43.462Z [info]: Operating system: darwin x64
2025-04-29T12:10:43.465Z [info]: Establishing TCP connection to 172.21.101.36:8016...
2025-04-29T12:10:43.469Z [info]: PSX-Connect running. Press Ctrl+C to exit.
2025-04-30T06:21:24.985Z [info]: PSX-Connect starting...
2025-04-30T06:21:24.989Z [info]: Node.js version: v20.18.0
2025-04-30T06:21:24.989Z [info]: Operating system: darwin x64
2025-04-30T06:21:24.992Z [info]: Establishing TCP connection to 172.21.101.36:8016...
2025-04-30T06:21:24.995Z [info]: PSX-Connect running. Press Ctrl+C to exit.
2025-04-30T06:21:40.033Z [info]: Received SIGINT. Shutting down...
2025-04-30T06:38:37.067Z [info]: PSX-Connect starting...
2025-04-30T06:38:37.071Z [info]: Node.js version: v20.18.0
2025-04-30T06:38:37.071Z [info]: Operating system: darwin x64
2025-04-30T06:38:37.073Z [info]: Establishing TCP connection to 172.21.101.36:8016...
2025-04-30T06:38:37.076Z [info]: PSX-Connect running. Press Ctrl+C to exit.
2025-05-07T07:35:16.978Z [info]: PSX-Connect starting...
2025-05-07T07:35:16.981Z [info]: Node.js version: v20.18.0
2025-05-07T07:35:16.981Z [info]: Operating system: darwin x64
2025-05-07T07:35:16.985Z [info]: Establishing TCP connection to 172.21.101.36:8016...
2025-05-07T07:35:16.986Z [info]: FIX client initialized and connected successfully
2025-05-07T07:35:16.987Z [info]: WebSocket server started on port 8080
2025-05-07T07:35:16.987Z [info]: Establishing TCP connection to 172.21.101.36:8016...
2025-05-07T07:35:16.990Z [info]: PSX-Connect running. Press Ctrl+C to exit.
2025-05-07T07:35:18.870Z [info]: Received SIGINT. Shutting down...
2025-05-14T07:34:54.939Z [info]: PSX-Connect starting...
2025-05-14T07:34:54.942Z [info]: Node.js version: v20.18.0
2025-05-14T07:34:54.943Z [info]: Operating system: darwin x64
2025-05-14T07:34:54.948Z [info]: Establishing TCP connection to 172.21.101.36:8016...
2025-05-14T07:34:54.949Z [info]: FIX client initialized and connected successfully
2025-05-14T07:34:54.949Z [info]: Setting up automatic security list updates every 30 minutes
2025-05-14T07:34:54.950Z [info]: WebSocket server started on port 8080
2025-05-14T07:34:54.950Z [info]: Establishing TCP connection to 172.21.101.36:8016...
2025-05-14T07:34:54.952Z [info]: PSX-Connect running. Press Ctrl+C to exit.
2025-05-14T07:35:03.432Z [info]: Received SIGINT. Shutting down...
2025-06-13T06:36:50.160Z [info]: PSX-Connect starting...
2025-06-13T06:36:50.162Z [info]: Node.js version: v20.18.0
2025-06-13T06:36:50.163Z [info]: Operating system: darwin x64
2025-06-13T06:36:50.164Z [info]: [SEQUENCE_STORE] Initialized with file path: /Users/mac/Desktop/Projetcs/psx/psx-connect/sequence-store.json
2025-06-13T06:36:50.165Z [info]: [SEQUENCE_STORE] No sequence store file found at /Users/mac/Desktop/Projetcs/psx/psx-connect/sequence-store.json
2025-06-13T06:36:50.165Z [info]: [SEQUENCE] Initializing sequence manager with:
2025-06-13T06:36:50.166Z [info]: Establishing TCP connection to 172.21.101.36:8016
2025-06-13T06:36:50.167Z [info]: WebSocket server started on port 8080
2025-06-13T06:36:50.168Z [info]: [SEQUENCE_STORE] Initialized with file path: /Users/mac/Desktop/Projetcs/psx/psx-connect/sequence-store.json
2025-06-13T06:36:50.169Z [info]: [SEQUENCE_STORE] No sequence store file found at /Users/mac/Desktop/Projetcs/psx/psx-connect/sequence-store.json
2025-06-13T06:36:50.169Z [info]: [SEQUENCE] Initializing sequence manager with:
2025-06-13T06:36:50.170Z [info]: Establishing TCP connection to 172.21.101.36:8016
2025-06-13T06:36:50.183Z [info]: API server listening on port 3000
2025-06-13T06:36:50.184Z [info]: PSX-Connect running. Press Ctrl+C to exit.
2025-06-13T06:37:07.323Z [info]: Received SIGINT. Shutting down...
